// Jest Snapshot v1, https://goo.gl/fbAQLP

exports[`<AmountController /> should match the snapshot 1`] = `"<div class=\\"container\\"><button id=\\"increaseBtn\\" class=\\"container\\" type=\\"button\\" style=\\"padding: 0px; width: 30px; height: 30px; display: flex; justify-content: center; align-items: center;\\" tabindex=\\"0\\"><span class=\\"label\\">+</span></button><input class=\\"input\\" type=\\"number\\" value=\\"0\\"><button id=\\"decreaseBtn\\" class=\\"container\\" type=\\"button\\" style=\\"padding: 0px; width: 30px; height: 30px; display: flex; justify-content: center; align-items: center;\\" tabindex=\\"0\\"><span class=\\"label\\">-</span></button></div>"`;
